PDEVISSER @ PCS @ ip-172-20-2-109 (PROD) > 
PDEVISSER @ PCS @ ip-172-20-2-109 (PROD) > prompt  1st problem sql to fix:
1st problem sql to fix:
PDEVISSER @ PCS @ ip-172-20-2-109 (PROD) > 
PDEVISSER @ PCS @ ip-172-20-2-109 (PROD) > SELECT sendingdt, pendingdt, SendID
  2  FROM pcs_vltrader.VLSend
  3  WHERE SendingDT IS NOT NULL
  4    OR PendingDT IS NOT NULL;

SENDINGDT                                                                       
---------------------------------------------------------------------------     
PENDINGDT                                                                       
---------------------------------------------------------------------------     
    SENDID                                                                      
----------                                                                      
28-FEB-19 09.03.54.000000 AM                                                    
                                                                                
 298659414                                                                      
                                                                                
28-FEB-19 09.03.55.000000 AM                                                    
                                                                                
 298659418                                                                      

SENDINGDT                                                                       
---------------------------------------------------------------------------     
PENDINGDT                                                                       
---------------------------------------------------------------------------     
    SENDID                                                                      
----------                                                                      
                                                                                
28-FEB-19 09.03.56.833000 AM                                                    
                                                                                
 298659413                                                                      
                                                                                
28-FEB-19 09.03.57.000000 AM                                                    
                                                                                

SENDINGDT                                                                       
---------------------------------------------------------------------------     
PENDINGDT                                                                       
---------------------------------------------------------------------------     
    SENDID                                                                      
----------                                                                      
 298659422                                                                      
                                                                                
28-FEB-19 09.03.58.000000 AM                                                    
                                                                                
 298659428                                                                      
                                                                                
28-FEB-19 09.03.58.000000 AM                                                    

SENDINGDT                                                                       
---------------------------------------------------------------------------     
PENDINGDT                                                                       
---------------------------------------------------------------------------     
    SENDID                                                                      
----------                                                                      
                                                                                
 298659429                                                                      
                                                                                
28-FEB-19 09.03.58.000000 AM                                                    
                                                                                
 298659433                                                                      
                                                                                

SENDINGDT                                                                       
---------------------------------------------------------------------------     
PENDINGDT                                                                       
---------------------------------------------------------------------------     
    SENDID                                                                      
----------                                                                      
                                                                                
28-FEB-19 09.03.55.000000 AM                                                    
 298659419                                                                      
                                                                                
                                                                                
28-FEB-19 09.03.55.000000 AM                                                    
 298659420                                                                      

SENDINGDT                                                                       
---------------------------------------------------------------------------     
PENDINGDT                                                                       
---------------------------------------------------------------------------     
    SENDID                                                                      
----------                                                                      
                                                                                
                                                                                
28-FEB-19 09.03.55.000000 AM                                                    
 298659421                                                                      
                                                                                
                                                                                
28-FEB-19 09.03.57.000000 AM                                                    

SENDINGDT                                                                       
---------------------------------------------------------------------------     
PENDINGDT                                                                       
---------------------------------------------------------------------------     
    SENDID                                                                      
----------                                                                      
 298659423                                                                      
                                                                                
                                                                                
28-FEB-19 09.03.57.000000 AM                                                    
 298659424                                                                      
                                                                                
                                                                                

SENDINGDT                                                                       
---------------------------------------------------------------------------     
PENDINGDT                                                                       
---------------------------------------------------------------------------     
    SENDID                                                                      
----------                                                                      
28-FEB-19 09.03.57.000000 AM                                                    
 298659425                                                                      
                                                                                
                                                                                
28-FEB-19 09.03.58.000000 AM                                                    
 298659430                                                                      
                                                                                

SENDINGDT                                                                       
---------------------------------------------------------------------------     
PENDINGDT                                                                       
---------------------------------------------------------------------------     
    SENDID                                                                      
----------                                                                      
                                                                                
28-FEB-19 09.03.58.000000 AM                                                    
 298659434                                                                      
                                                                                

15 rows selected.

Elapsed: 00:00:00.31

Execution Plan
----------------------------------------------------------                      
Plan hash value: 298571060                                                      
                                                                                
--------------------------------------------------------------------------------
---------------                                                                 
                                                                                
| Id  | Operation            | Name                   | Rows  | Bytes | Cost (%C
PU)| Time     |                                                                 
                                                                                
--------------------------------------------------------------------------------
---------------                                                                 
                                                                                
|   0 | SELECT STATEMENT     |                        |     1 |     9 |   474   
(1)| 00:00:01 |                                                                 
                                                                                
|*  1 |  INDEX FAST FULL SCAN| VLSEND_SEND_PEND_XTRA1 |     1 |     9 |   474   
(1)| 00:00:01 |                                                                 
                                                                                
--------------------------------------------------------------------------------
---------------                                                                 
                                                                                
                                                                                
Predicate Information (identified by operation id):                             
---------------------------------------------------                             
                                                                                
   1 - filter("SENDINGDT" IS NOT NULL OR "PENDINGDT" IS NOT NULL)               
                                                                                
Note                                                                            
-----                                                                           
   - dynamic statistics used: dynamic sampling (level=2)                        
   - automatic DOP: Computed Degree of Parallelism is 1 because of parallel thre
shold                                                                           
                                                                                


Statistics
----------------------------------------------------------                      
          0  recursive calls                                                    
          0  db block gets                                                      
       1774  consistent gets                                                    
          0  physical reads                                                     
          0  redo size                                                          
        735  bytes sent via SQL*Net to client                                   
        500  bytes received via SQL*Net from client                             
          2  SQL*Net roundtrips to/from client                                  
          0  sorts (memory)                                                     
          0  sorts (disk)                                                       
         15  rows processed                                                     

PDEVISSER @ PCS @ ip-172-20-2-109 (PROD) > 
PDEVISSER @ PCS @ ip-172-20-2-109 (PROD) > /

SENDINGDT                                                                       
---------------------------------------------------------------------------     
PENDINGDT                                                                       
---------------------------------------------------------------------------     
    SENDID                                                                      
----------                                                                      
28-FEB-19 09.03.54.000000 AM                                                    
                                                                                
 298659414                                                                      
                                                                                
28-FEB-19 09.03.55.000000 AM                                                    
                                                                                
 298659418                                                                      

SENDINGDT                                                                       
---------------------------------------------------------------------------     
PENDINGDT                                                                       
---------------------------------------------------------------------------     
    SENDID                                                                      
----------                                                                      
                                                                                
28-FEB-19 09.03.57.000000 AM                                                    
                                                                                
 298659422                                                                      
                                                                                
28-FEB-19 09.03.58.000000 AM                                                    
                                                                                

SENDINGDT                                                                       
---------------------------------------------------------------------------     
PENDINGDT                                                                       
---------------------------------------------------------------------------     
    SENDID                                                                      
----------                                                                      
 298659428                                                                      
                                                                                
28-FEB-19 09.03.58.000000 AM                                                    
                                                                                
 298659429                                                                      
                                                                                
28-FEB-19 09.03.58.000000 AM                                                    

SENDINGDT                                                                       
---------------------------------------------------------------------------     
PENDINGDT                                                                       
---------------------------------------------------------------------------     
    SENDID                                                                      
----------                                                                      
                                                                                
 298659435                                                                      
                                                                                
28-FEB-19 09.03.58.000000 AM                                                    
                                                                                
 298659436                                                                      
                                                                                

SENDINGDT                                                                       
---------------------------------------------------------------------------     
PENDINGDT                                                                       
---------------------------------------------------------------------------     
    SENDID                                                                      
----------                                                                      
                                                                                
28-FEB-19 09.03.55.000000 AM                                                    
 298659419                                                                      
                                                                                
                                                                                
28-FEB-19 09.03.55.000000 AM                                                    
 298659420                                                                      

SENDINGDT                                                                       
---------------------------------------------------------------------------     
PENDINGDT                                                                       
---------------------------------------------------------------------------     
    SENDID                                                                      
----------                                                                      
                                                                                
                                                                                
28-FEB-19 09.03.55.000000 AM                                                    
 298659421                                                                      
                                                                                
                                                                                
28-FEB-19 09.03.57.000000 AM                                                    

SENDINGDT                                                                       
---------------------------------------------------------------------------     
PENDINGDT                                                                       
---------------------------------------------------------------------------     
    SENDID                                                                      
----------                                                                      
 298659423                                                                      
                                                                                
                                                                                
28-FEB-19 09.03.57.000000 AM                                                    
 298659424                                                                      
                                                                                
                                                                                

SENDINGDT                                                                       
---------------------------------------------------------------------------     
PENDINGDT                                                                       
---------------------------------------------------------------------------     
    SENDID                                                                      
----------                                                                      
28-FEB-19 09.03.57.000000 AM                                                    
 298659425                                                                      
                                                                                
                                                                                
28-FEB-19 09.03.58.000000 AM                                                    
 298659430                                                                      
                                                                                

14 rows selected.

Elapsed: 00:00:00.32

Execution Plan
----------------------------------------------------------                      
Plan hash value: 298571060                                                      
                                                                                
--------------------------------------------------------------------------------
---------------                                                                 
                                                                                
| Id  | Operation            | Name                   | Rows  | Bytes | Cost (%C
PU)| Time     |                                                                 
                                                                                
--------------------------------------------------------------------------------
---------------                                                                 
                                                                                
|   0 | SELECT STATEMENT     |                        |     1 |     9 |   474   
(1)| 00:00:01 |                                                                 
                                                                                
|*  1 |  INDEX FAST FULL SCAN| VLSEND_SEND_PEND_XTRA1 |     1 |     9 |   474   
(1)| 00:00:01 |                                                                 
                                                                                
--------------------------------------------------------------------------------
---------------                                                                 
                                                                                
                                                                                
Predicate Information (identified by operation id):                             
---------------------------------------------------                             
                                                                                
   1 - filter("SENDINGDT" IS NOT NULL OR "PENDINGDT" IS NOT NULL)               
                                                                                
Note                                                                            
-----                                                                           
   - dynamic statistics used: dynamic sampling (level=2)                        
   - automatic DOP: Computed Degree of Parallelism is 1 because of parallel thre
shold                                                                           
                                                                                


Statistics
----------------------------------------------------------                      
          0  recursive calls                                                    
          0  db block gets                                                      
       1770  consistent gets                                                    
          0  physical reads                                                     
          0  redo size                                                          
        711  bytes sent via SQL*Net to client                                   
        500  bytes received via SQL*Net from client                             
          2  SQL*Net roundtrips to/from client                                  
          0  sorts (memory)                                                     
          0  sorts (disk)                                                       
         14  rows processed                                                     

PDEVISSER @ PCS @ ip-172-20-2-109 (PROD) > 
PDEVISSER @ PCS @ ip-172-20-2-109 (PROD) > /***  acc
PDEVISSER @ PCS @ ip-172-20-2-109 (PROD) > SELECT sendingdt, pendingdt, SendID
PDEVISSER @ PCS @ ip-172-20-2-109 (PROD) > FROM vltrader.VLSend
PDEVISSER @ PCS @ ip-172-20-2-109 (PROD) > WHERE SendingDT IS NOT NULL
PDEVISSER @ PCS @ ip-172-20-2-109 (PROD) >   OR PendingDT IS NOT NULL;
PDEVISSER @ PCS @ ip-172-20-2-109 (PROD) > 
PDEVISSER @ PCS @ ip-172-20-2-109 (PROD) > /
PDEVISSER @ PCS @ ip-172-20-2-109 (PROD) > 
PDEVISSER @ PCS @ ip-172-20-2-109 (PROD) > ***/
PDEVISSER @ PCS @ ip-172-20-2-109 (PROD) > 
PDEVISSER @ PCS @ ip-172-20-2-109 (PROD) > 
PDEVISSER @ PCS @ ip-172-20-2-109 (PROD) > prompt 2nd problem, fixable:
2nd problem, fixable:
PDEVISSER @ PCS @ ip-172-20-2-109 (PROD) > 
PDEVISSER @ PCS @ ip-172-20-2-109 (PROD) > SELECT count(distinct vlserial) as VLT_COUNTER
  2  FROM pcs_vltrader.vltransfers vlt
  3  WHERE vlt.startndt > sysdate - 5/1440
  4    AND status = 'Success'
  5    AND direction = 'send' ;

VLT_COUNTER                                                                     
-----------                                                                     
          2                                                                     

1 row selected.

Elapsed: 00:00:00.30

Execution Plan
----------------------------------------------------------                      
Plan hash value: 165219570                                                      
                                                                                
--------------------------------------------------------------------------------
-------                                                                         
                                                                                
| Id  | Operation           | Name            | Rows  | Bytes | Cost (%CPU)| Tim
e     |                                                                         
                                                                                
--------------------------------------------------------------------------------
-------                                                                         
                                                                                
|   0 | SELECT STATEMENT    |                 |     1 |    14 |     4  (25)| 00:
00:01 |                                                                         
                                                                                
|   1 |  SORT AGGREGATE     |                 |     1 |    14 |            |    
      |                                                                         
                                                                                
|   2 |   VIEW              | VW_DAG_0        |     2 |    28 |     4  (25)| 00:
00:01 |                                                                         
                                                                                
|   3 |    HASH GROUP BY    |                 |     2 |    68 |     4  (25)| 00:
00:01 |                                                                         
                                                                                
|*  4 |     INDEX RANGE SCAN| VLTR_SSDS_XTRA1 |     2 |    68 |     3   (0)| 00:
00:01 |                                                                         
                                                                                
--------------------------------------------------------------------------------
-------                                                                         
                                                                                
                                                                                
Predicate Information (identified by operation id):                             
---------------------------------------------------                             
                                                                                
   4 - access("VLT"."STARTNDT">SYSDATE@!-.0034722222222222222222222222222222222 
              22222 AND "DIRECTION"='send' AND "STATUS"='Success' AND "VLT"."STA
RTNDT" IS                                                                       
                                                                                
              NOT NULL)                                                         
       filter("DIRECTION"='send' AND "STATUS"='Success')                        
                                                                                
Note                                                                            
-----                                                                           
   - automatic DOP: Computed Degree of Parallelism is 1 because of parallel thre
shold                                                                           
                                                                                


Statistics
----------------------------------------------------------                      
          0  recursive calls                                                    
          0  db block gets                                                      
         27  consistent gets                                                    
          0  physical reads                                                     
          0  redo size                                                          
        361  bytes sent via SQL*Net to client                                   
        500  bytes received via SQL*Net from client                             
          2  SQL*Net roundtrips to/from client                                  
          0  sorts (memory)                                                     
          0  sorts (disk)                                                       
          1  rows processed                                                     

PDEVISSER @ PCS @ ip-172-20-2-109 (PROD) > 
PDEVISSER @ PCS @ ip-172-20-2-109 (PROD) > /

VLT_COUNTER                                                                     
-----------                                                                     
          2                                                                     

1 row selected.

Elapsed: 00:00:00.21

Execution Plan
----------------------------------------------------------                      
Plan hash value: 165219570                                                      
                                                                                
--------------------------------------------------------------------------------
-------                                                                         
                                                                                
| Id  | Operation           | Name            | Rows  | Bytes | Cost (%CPU)| Tim
e     |                                                                         
                                                                                
--------------------------------------------------------------------------------
-------                                                                         
                                                                                
|   0 | SELECT STATEMENT    |                 |     1 |    14 |     4  (25)| 00:
00:01 |                                                                         
                                                                                
|   1 |  SORT AGGREGATE     |                 |     1 |    14 |            |    
      |                                                                         
                                                                                
|   2 |   VIEW              | VW_DAG_0        |     2 |    28 |     4  (25)| 00:
00:01 |                                                                         
                                                                                
|   3 |    HASH GROUP BY    |                 |     2 |    68 |     4  (25)| 00:
00:01 |                                                                         
                                                                                
|*  4 |     INDEX RANGE SCAN| VLTR_SSDS_XTRA1 |     2 |    68 |     3   (0)| 00:
00:01 |                                                                         
                                                                                
--------------------------------------------------------------------------------
-------                                                                         
                                                                                
                                                                                
Predicate Information (identified by operation id):                             
---------------------------------------------------                             
                                                                                
   4 - access("VLT"."STARTNDT">SYSDATE@!-.0034722222222222222222222222222222222 
              22222 AND "DIRECTION"='send' AND "STATUS"='Success' AND "VLT"."STA
RTNDT" IS                                                                       
                                                                                
              NOT NULL)                                                         
       filter("DIRECTION"='send' AND "STATUS"='Success')                        
                                                                                
Note                                                                            
-----                                                                           
   - automatic DOP: Computed Degree of Parallelism is 1 because of parallel thre
shold                                                                           
                                                                                


Statistics
----------------------------------------------------------                      
          0  recursive calls                                                    
          0  db block gets                                                      
         27  consistent gets                                                    
          0  physical reads                                                     
          0  redo size                                                          
        361  bytes sent via SQL*Net to client                                   
        500  bytes received via SQL*Net from client                             
          2  SQL*Net roundtrips to/from client                                  
          0  sorts (memory)                                                     
          0  sorts (disk)                                                       
          1  rows processed                                                     

PDEVISSER @ PCS @ ip-172-20-2-109 (PROD) > 
PDEVISSER @ PCS @ ip-172-20-2-109 (PROD) > /*** acc
PDEVISSER @ PCS @ ip-172-20-2-109 (PROD) > SELECT count(distinct vlserial) as VLT_COUNTER
PDEVISSER @ PCS @ ip-172-20-2-109 (PROD) > FROM xvltrader.vltransfers vlt
PDEVISSER @ PCS @ ip-172-20-2-109 (PROD) > WHERE vlt.startndt > sysdate - 5/1440
PDEVISSER @ PCS @ ip-172-20-2-109 (PROD) >   AND status = 'Success'
PDEVISSER @ PCS @ ip-172-20-2-109 (PROD) >   AND direction = 'send'
PDEVISSER @ PCS @ ip-172-20-2-109 (PROD) > 
PDEVISSER @ PCS @ ip-172-20-2-109 (PROD) > /
PDEVISSER @ PCS @ ip-172-20-2-109 (PROD) > 
PDEVISSER @ PCS @ ip-172-20-2-109 (PROD) > ***/
PDEVISSER @ PCS @ ip-172-20-2-109 (PROD) > 
PDEVISSER @ PCS @ ip-172-20-2-109 (PROD) > spool off
